{}
{apple}
apple orange
apple orange
apple orange banana
'hello' 'world'
good, beautiful morning
goodbye, cruel world
'a'
'hello world'
alpha lambda, beta lambda, alpha gamma, beta gamma
Meg
Jo
Beth
Amy
{a} {b}
