Not a function
test_function
test_function

####################
# Future Feature Flags
stderr-nocaret	off	3.0	^ no longer redirects stderr
qmark-noglob	off	3.0	? no longer globs
1
2
