basic command as variable
( not expanded again
/usr/bin
