Empty Loop in Function: 0
Runs Once: 0
Early Return: 2

####################
# Loops exit status handling
Condition Status: 36
Body Status: 0
Condition 2 Status: 13
Condition 2 Status: 5
Loop Exit Status: 11
Empty Loop Status: 0
